src/components/layout/Header.tsx(35,57): error TS2322: Type '{ children: Element; variant: "ghost"; size: "icon"; asChild: true; }' is not assignable to type 'IntrinsicAttributes & ButtonProps & RefAttributes<HTMLButtonElement>'.
  Property 'asChild' does not exist on type 'IntrinsicAttributes & ButtonProps & RefAttributes<HTMLButtonElement>'.
src/components/layout/Header.tsx(41,57): error TS2322: Type '{ children: Element; variant: "ghost"; size: "icon"; asChild: true; }' is not assignable to type 'IntrinsicAttributes & ButtonProps & RefAttributes<HTMLButtonElement>'.
  Property 'asChild' does not exist on type 'IntrinsicAttributes & ButtonProps & RefAttributes<HTMLButtonElement>'.
